<html>
<head>
<meta charset="utf-8">
<meta name="viewport" content="width=device-width, initial-scale=1.0">
<title>GCovHTML</title>
<link rel="stylesheet" href="https://unpkg.com/purecss@1.0.0/build/pure-min.css" integrity="sha384-nn4HPE8lTHyVtfCBi5yW9d20FjT8BJwUXyWZT9InLYax14RDjBj46LmSztkmNP9w" crossorigin="anonymous">
<!--[if lte IE 8]>
	<link rel="stylesheet" href="https://unpkg.com/purecss@1.0.0/build/grids-responsive-old-ie-min.css">
<![endif]-->
<!--[if gt IE 8]><!-->
	<link rel="stylesheet" href="https://unpkg.com/purecss@1.0.0/build/grids-responsive-min.css">
<!--<![endif]-->
<style>
html { padding:1em; }
body { max-width:70em; margin:auto; }
.coverage { margin-left:auto;margin-right:0; }
.coverage td:nth-child(2) { text-align:center; }
.coverage td:nth-child(3) { text-align:center; }
.coverage td:nth-child(4) { text-align:center; }
.sparkbar { border: 1px solid black; border-radius:1px; min-width:50px; }
.sparkbar .fill { display: inline-block; height: 1em; }
.sparkbar .high { background-color:lightgreen; }
.sparkbar .medium { background-color:yellow; }
.sparkbar .low { background-color:red; }
.sparkbar .empty { display: inline-block; height: 1em; background-color: white; }
</style>
</head>
<body>
<div class="pure-g"><h1 class="pure-u">GCovHTML</h1></div>
<div class="pure-g"><div class="pure-u">
<h2>Overall</h2>
</div></div>
<div class="pure-g"><div class="pure-u-1 pure-u-md-1-2">
<p>Coverage generated on: Mon Jan  2 15:04:05 UTC 2006</p>
</div><div class="pure-u-1 pure-u-md-1-2">
<table class="pure-table pure-table-bordered coverage">
<thead><tr><th></th><th>Hit</th><th>Total</th><th>Coverage</th><tr></thead>
<tbody>
<tr><td>Lines:</td><td>90</td><td>151</td><td>59.6%</td></tr>
<tr><td>Functions:</td><td>12</td><td>12</td><td>100.0%</td></tr>
</tbody>
</table>
</div></div>
<div class="pure-g"><div class="pure-u-1">
<h2>By File</h2>
<table class="pure-table pure-table-bordered" style="width:100%">
<thead><tr><th>Filename</th><th colspan="3">Line Coverage</th><th colspan="3">Function Coverage</th></tr></thead>
<tbody>
<tr><td><a href="binc.cpp.html">binc.cpp</a></td><td><div class="sparkbar"><div class="fill low" style="width:59.6%"></div><div class="empty" style="width:40.4%"></div></div></td><td>90/151</td><td>59.6%</td><td><div class="sparkbar"><div class="fill high" style="width:100%"></div></div></td><td>12/12</td><td>100.0%</td></tr>
</tbody>
</table>
</div></div>
</body>
</html>